Script started on 2023-06-01 10:52:43-04:00 [TERM="xterm-256color" TTY="/dev/pts/0" COLUMNS="120" LINES="34"]
            if script.upgrade_ops.is_empty():
                directives[:] = []
                logger.info('No changes in schema detected.')

    connectable = engine_from_config(
        config.get_section(config.config_ini_section),
        prefix='sqlalchemy.',
        poolclass=pool.NullPool,
    )

    with connectable.connect() as connection:
        context.configure(
            connection=connection,
            target_metadata=target_metadata,
            process_revision_directives=process_revision_directives,
            **current_app.extensions['migrate'].configure_args
        )

        # Create a schema (only in production)
        if environment == "production":
            connection.execute(f"CREATE SCHEMA IF NOT EXISTS {SCHEMA}")

        # Set search path to your schema (only in production)
        with context.begin_transaction():
            if environment == "production":
                context.execute(f"SET search_path TO {SCHEMA}")
            context.run_migrations()

# keep logic at bottom of file to run migration functions
if context.is_offline_mode():
    run_migrations_offline()
else:
    run_migrations_online()]0;wesleyblackburn90@DESKTOP-6333E44: ~/DefAppAcademy/capstone[01;32mwesleyblackburn90@DESKTOP-6333E44[00m:[01;34m~/DefAppAcademy/capstone[00m$             if script.upgrade_ops.is_empty():
bash: syntax error near unexpected token `:'
]0;wesleyblackburn90@DESKTOP-6333E44: ~/DefAppAcademy/capstone[01;32mwesleyblackburn90@DESKTOP-6333E44[00m:[01;34m~/DefAppAcademy/capstone[00m$                 directives[:] = []
directives[:]: command not found
]0;wesleyblackburn90@DESKTOP-6333E44: ~/DefAppAcademy/capstone[01;32mwesleyblackburn90@DESKTOP-6333E44[00m:[01;34m~/DefAppAcademy/capstone[00m$                 logger.info('No changes in schema detected.')
bash: syntax error near unexpected token `'No changes in schema detected.''
]0;wesleyblackburn90@DESKTOP-6333E44: ~/DefAppAcademy/capstone[01;32mwesleyblackburn90@DESKTOP-6333E44[00m:[01;34m~/DefAppAcademy/capstone[00m$ 
]0;wesleyblackburn90@DESKTOP-6333E44: ~/DefAppAcademy/capstone[01;32mwesleyblackburn90@DESKTOP-6333E44[00m:[01;34m~/DefAppAcademy/capstone[00m$     connectable = engine_from_config(
bash: syntax error near unexpected token `('
]0;wesleyblackburn90@DESKTOP-6333E44: ~/DefAppAcademy/capstone[01;32mwesleyblackburn90@DESKTOP-6333E44[00m:[01;34m~/DefAppAcademy/capstone[00m$         config.get_section(config.config_ini_section),
bash: syntax error near unexpected token `config.config_ini_section'
]0;wesleyblackburn90@DESKTOP-6333E44: ~/DefAppAcademy/capstone[01;32mwesleyblackburn90@DESKTOP-6333E44[00m:[01;34m~/DefAppAcademy/capstone[00m$         prefix='sqlalchemy.',
]0;wesleyblackburn90@DESKTOP-6333E44: ~/DefAppAcademy/capstone[01;32mwesleyblackburn90@DESKTOP-6333E44[00m:[01;34m~/DefAppAcademy/capstone[00m$         poolclass=pool.NullPool,
]0;wesleyblackburn90@DESKTOP-6333E44: ~/DefAppAcademy/capstone[01;32mwesleyblackburn90@DESKTOP-6333E44[00m:[01;34m~/DefAppAcademy/capstone[00m$     )
bash: syntax error near unexpected token `)'
]0;wesleyblackburn90@DESKTOP-6333E44: ~/DefAppAcademy/capstone[01;32mwesleyblackburn90@DESKTOP-6333E44[00m:[01;34m~/DefAppAcademy/capstone[00m$ 
]0;wesleyblackburn90@DESKTOP-6333E44: ~/DefAppAcademy/capstone[01;32mwesleyblackburn90@DESKTOP-6333E44[00m:[01;34m~/DefAppAcademy/capstone[00m$     with connectable.connect() as connection:
bash: syntax error near unexpected token `('
]0;wesleyblackburn90@DESKTOP-6333E44: ~/DefAppAcademy/capstone[01;32mwesleyblackburn90@DESKTOP-6333E44[00m:[01;34m~/DefAppAcademy/capstone[00m$         context.configure(
bash: syntax error near unexpected token `newline'
]0;wesleyblackburn90@DESKTOP-6333E44: ~/DefAppAcademy/capstone[01;32mwesleyblackburn90@DESKTOP-6333E44[00m:[01;34m~/DefAppAcademy/capstone[00m$             connection=connection,
]0;wesleyblackburn90@DESKTOP-6333E44: ~/DefAppAcademy/capstone[01;32mwesleyblackburn90@DESKTOP-6333E44[00m:[01;34m~/DefAppAcademy/capstone[00m$             target_metadata=target_metadata,
]0;wesleyblackburn90@DESKTOP-6333E44: ~/DefAppAcademy/capstone[01;32mwesleyblackburn90@DESKTOP-6333E44[00m:[01;34m~/DefAppAcademy/capstone[00m$             process_revision_directives=process_revision_directives,
]0;wesleyblackburn90@DESKTOP-6333E44: ~/DefAppAcademy/capstone[01;32mwesleyblackburn90@DESKTOP-6333E44[00m:[01;34m~/DefAppAcademy/capstone[00m$             **current_app.extensions['migrate'].configure_args
**current_app.extensions[migrate].configure_args: command not found
]0;wesleyblackburn90@DESKTOP-6333E44: ~/DefAppAcademy/capstone[01;32mwesleyblackburn90@DESKTOP-6333E44[00m:[01;34m~/DefAppAcademy/capstone[00m$         )
bash: syntax error near unexpected token `)'
]0;wesleyblackburn90@DESKTOP-6333E44: ~/DefAppAcademy/capstone[01;32mwesleyblackburn90@DESKTOP-6333E44[00m:[01;34m~/DefAppAcademy/capstone[00m$ 
]0;wesleyblackburn90@DESKTOP-6333E44: ~/DefAppAcademy/capstone[01;32mwesleyblackburn90@DESKTOP-6333E44[00m:[01;34m~/DefAppAcademy/capstone[00m$         # Create a schema (only in production)
]0;wesleyblackburn90@DESKTOP-6333E44: ~/DefAppAcademy/capstone[01;32mwesleyblackburn90@DESKTOP-6333E44[00m:[01;34m~/DefAppAcademy/capstone[00m$         if environment == "production":
>             connection.execute(f"CREATE SCHEMA IF NOT EXISTS {SCHEMA}")
bash: syntax error near unexpected token `f"CREATE SCHEMA IF NOT EXISTS {SCHEMA}"'
]0;wesleyblackburn90@DESKTOP-6333E44: ~/DefAppAcademy/capstone[01;32mwesleyblackburn90@DESKTOP-6333E44[00m:[01;34m~/DefAppAcademy/capstone[00m$ 
]0;wesleyblackburn90@DESKTOP-6333E44: ~/DefAppAcademy/capstone[01;32mwesleyblackburn90@DESKTOP-6333E44[00m:[01;34m~/DefAppAcademy/capstone[00m$         # Set search path to your schema (only in production)
]0;wesleyblackburn90@DESKTOP-6333E44: ~/DefAppAcademy/capstone[01;32mwesleyblackburn90@DESKTOP-6333E44[00m:[01;34m~/DefAppAcademy/capstone[00m$         with context.begin_transaction():
bash: syntax error near unexpected token `('
]0;wesleyblackburn90@DESKTOP-6333E44: ~/DefAppAcademy/capstone[01;32mwesleyblackburn90@DESKTOP-6333E44[00m:[01;34m~/DefAppAcademy/capstone[00m$             if environment == "production":
>                 context.execute(f"SET search_path TO {SCHEMA}")
bash: syntax error near unexpected token `f"SET search_path TO {SCHEMA}"'
]0;wesleyblackburn90@DESKTOP-6333E44: ~/DefAppAcademy/capstone[01;32mwesleyblackburn90@DESKTOP-6333E44[00m:[01;34m~/DefAppAcademy/capstone[00m$             context.run_migrations()
> 
> # keep logic at bottom of file to run migration functions
> if context.is_offline_mode():
bash: syntax error near unexpected token `:'
]0;wesleyblackburn90@DESKTOP-6333E44: ~/DefAppAcademy/capstone[01;32mwesleyblackburn90@DESKTOP-6333E44[00m:[01;34m~/DefAppAcademy/capstone[00m$     run_migrations_offline()
> else:
bash: syntax error near unexpected token `else:'
]0;wesleyblackburn90@DESKTOP-6333E44: ~/DefAppAcademy/capstone[01;32mwesleyblackburn90@DESKTOP-6333E44[00m:[01;34m~/DefAppAcademy/capstone[00m$     run_migrations_online()[K[K[K[K[K[K[K[K[K[K[K[K[K[K[K[K[K[K[K[K[K[K[K[K[K[K[Kgit a[Kstatus
On branch main
Your branch is ahead of 'origin/main' by 1 commit.
  (use "git push" to publish your local commits)

Untracked files:
  (use "git add <file>..." to include in what will be committed)
	[31m=[m

nothing added to commit but untracked files present (use "git add" to track)
]0;wesleyblackburn90@DESKTOP-6333E44: ~/DefAppAcademy/capstone[01;32mwesleyblackburn90@DESKTOP-6333E44[00m:[01;34m~/DefAppAcademy/capstone[00m$ git push
Username for 'https://github.com': wesleyblackburn0 90
Password for 'https://wesleyblackburn90@github.com': 
Enumerating objects: 7, done.
Counting objects:  14% (1/7)Counting objects:  28% (2/7)Counting objects:  42% (3/7)Counting objects:  57% (4/7)Counting objects:  71% (5/7)Counting objects:  85% (6/7)Counting objects: 100% (7/7)Counting objects: 100% (7/7), done.
Delta compression using up to 8 threads
Compressing objects:  25% (1/4)Compressing objects:  50% (2/4)Compressing objects:  75% (3/4)Compressing objects: 100% (4/4)Compressing objects: 100% (4/4), done.
Writing objects:  25% (1/4)Writing objects:  50% (2/4)Writing objects:  75% (3/4)Writing objects: 100% (4/4)Writing objects: 100% (4/4), 527 bytes | 527.00 KiB/s, done.
Total 4 (delta 3), reused 0 (delta 0)
remote: Resolving deltas:   0% (0/3)[Kremote: Resolving deltas:  33% (1/3)[Kremote: Resolving deltas:  66% (2/3)[Kremote: Resolving deltas: 100% (3/3)[Kremote: Resolving deltas: 100% (3/3), completed with 3 local objects.[K
To https://github.com/wesleyblackburn90/newplayer.git
   d265eae..545f817  main -> main
]0;wesleyblackburn90@DESKTOP-6333E44: ~/DefAppAcademy/capstone[01;32mwesleyblackburn90@DESKTOP-6333E44[00m:[01;34m~/DefAppAcademy/capstone[00m$ git add .
]0;wesleyblackburn90@DESKTOP-6333E44: ~/DefAppAcademy/capstone[01;32mwesleyblackburn90@DESKTOP-6333E44[00m:[01;34m~/DefAppAcademy/capstone[00m$ git commit - [Km "Added hyperlink to profile[K[K[K[K[K[K[Kusers profile"
[main 3d2d8f4] Added hyperlink to users profile
 2 files changed, 96 insertions(+), 1 deletion(-)
 create mode 100644 =
]0;wesleyblackburn90@DESKTOP-6333E44: ~/DefAppAcademy/capstone[01;32mwesleyblackburn90@DESKTOP-6333E44[00m:[01;34m~/DefAppAcademy/capstone[00m$ git push
Username for 'https://github.com': wesleyblackburn9- 0
Password for 'https://wesleyblackburn90@github.com': 
remote: Invalid username or password.
fatal: Authentication failed for 'https://github.com/wesleyblackburn90/newplayer.git/'
]0;wesleyblackburn90@DESKTOP-6333E44: ~/DefAppAcademy/capstone[01;32mwesleyblackburn90@DESKTOP-6333E44[00m:[01;34m~/DefAppAcademy/capstone[00m$ p[Kgit push
Username for 'https://github.com': wesleyblackburn09  90
Password for 'https://wesleyblackburn90@github.com': 
To https://github.com/wesleyblackburn90/newplayer.git
 [31m! [rejected]       [m main -> main (fetch first)
[31merror: failed to push some refs to 'https://github.com/wesleyblackburn90/newplayer.git'
[m[33mhint: Updates were rejected because the remote contains work that you do[m
[33mhint: not have locally. This is usually caused by another repository pushing[m
[33mhint: to the same ref. You may want to first integrate the remote changes[m
[33mhint: (e.g., 'git pull ...') before pushing again.[m
[33mhint: See the 'Note about fast-forwards' in 'git push --help' for details.[m
]0;wesleyblackburn90@DESKTOP-6333E44: ~/DefAppAcademy/capstone[01;32mwesleyblackburn90@DESKTOP-6333E44[00m:[01;34m~/DefAppAcademy/capstone[00m$ git status
On branch main
Your branch is ahead of 'origin/main' by 1 commit.
  (use "git push" to publish your local commits)

nothing to commit, working tree clean
]0;wesleyblackburn90@DESKTOP-6333E44: ~/DefAppAcademy/capstone[01;32mwesleyblackburn90@DESKTOP-6333E44[00m:[01;34m~/DefAppAcademy/capstone[00m$ git pull
remote: Enumerating objects: 6, done.[K
remote: Counting objects:  16% (1/6)[Kremote: Counting objects:  33% (2/6)[Kremote: Counting objects:  50% (3/6)[Kremote: Counting objects:  66% (4/6)[Kremote: Counting objects:  83% (5/6)[Kremote: Counting objects: 100% (6/6)[Kremote: Counting objects: 100% (6/6), done.[K
remote: Compressing objects:  16% (1/6)[Kremote: Compressing objects:  33% (2/6)[Kremote: Compressing objects:  50% (3/6)[Kremote: Compressing objects:  66% (4/6)[Kremote: Compressing objects:  83% (5/6)[Kremote: Compressing objects: 100% (6/6)[Kremote: Compressing objects: 100% (6/6), done.[K
remote: Total 6 (delta 2), reused 0 (delta 0), pack-reused 0[K
Unpacking objects:  16% (1/6)Unpacking objects:  33% (2/6)Unpacking objects:  50% (3/6)Unpacking objects:  66% (4/6)Unpacking objects:  83% (5/6)Unpacking objects: 100% (6/6)Unpacking objects: 100% (6/6), 2.72 KiB | 557.00 KiB/s, done.
From https://github.com/wesleyblackburn90/newplayer
   545f817..39f998a  main       -> origin/main
hint: Waiting for your editor to close the file... [?2004h[?1049h[22;0;0t[1;34r(B[m[4l[?7h[39;49m[?1h=[?1h=[?25l[39;49m(B[m[H[2J[32;54H(B[0;7m[ Reading... ](B[m[32;53H(B[0;7m[ Read 6 lines ](B[m[H(B[0;7m  GNU nano 4.8                 /home/wesleyblackburn90/DefAppAcademy/capstone/.git/MERGE_MSG                            [1;119H(B[m[33d(B[0;7m^G(B[m Get Help    (B[0;7m^O(B[m Write Out   (B[0;7m^W(B[m Where Is    (B[0;7m^K(B[m Cut Text    (B[0;7m^J(B[m Justify     (B[0;7m^C(B[m Cur Pos     (B[0;7mM-U(B[m Undo[106G(B[0;7mM-A(B[m Mark Text[34d(B[0;7m^X(B[m Exit[34;16H(B[0;7m^R(B[m Read File   (B[0;7m^\(B[m Replace     (B[0;7m^U(B[m Paste Text  (B[0;7m^T(B[m To Spell    (B[0;7m^_(B[m Go To Line  (B[0;7mM-E(B[m Redo[106G(B[0;7mM-6(B[m Copy Text[32d[2d[39;49m(B[mMerge branch 'main' of https://github.com/wesleyblackburn90/newplayer into main[3d[36m# Please enter a commit message to explain why this merge is necessary,[4d# especially if it merges an updated upstream into a topic branch.[5d#[6d# Lines starting with '#' will be ignored, and an empty message aborts[7d# the commit.[2d[39m(B[m[?12l[?25h[?25l[1;111H(B[0;7mModified(B[m[2d^Merge branch 'main' of https://github.com/wesleyblackburn90/newplayer into main^[?12l[?25h[?25lXMerge branch 'main' of https://github.com/wesleyblackburn90/newplayer into main^X[?12l[?25h[?25l7[2;31r8M[1;34r[2;1H^X[3d[2P[?12l[?25h[?25l[32d(B[0;7mSave modified buffer?                                                                                                   [33;1H Y(B[m Yes[K[34d(B[0;7m N(B[m No  [34;16H (B[0;7m^C(B[m Cancel[K[32;23H[?12l[?25h[?25l[J[34d[?12l[?25h[34;1H[?1049l[23;0;0t[?1l>[?2004l[KMerge made by the 'recursive' strategy.
 README.md | 2 [32m+[m[31m-[m
 1 file changed, 1 insertion(+), 1 deletion(-)
]0;wesleyblackburn90@DESKTOP-6333E44: ~/DefAppAcademy/capstone[01;32mwesleyblackburn90@DESKTOP-6333E44[00m:[01;34m~/DefAppAcademy/capstone[00m$ git merge main
Already up to date.
]0;wesleyblackburn90@DESKTOP-6333E44: ~/DefAppAcademy/capstone[01;32mwesleyblackburn90@DESKTOP-6333E44[00m:[01;34m~/DefAppAcademy/capstone[00m$ l[Kgit pull
Already up to date.
]0;wesleyblackburn90@DESKTOP-6333E44: ~/DefAppAcademy/capstone[01;32mwesleyblackburn90@DESKTOP-6333E44[00m:[01;34m~/DefAppAcademy/capstone[00m$ git status
On branch main
Your branch is ahead of 'origin/main' by 2 commits.
  (use "git push" to publish your local commits)

Changes not staged for commit:
  (use "git add <file>..." to update what will be committed)
  (use "git restore <file>..." to discard changes in working directory)
	[31mmodified:   =[m

no changes added to commit (use "git add" and/or "git commit -a")
]0;wesleyblackburn90@DESKTOP-6333E44: ~/DefAppAcademy/capstone[01;32mwesleyblackburn90@DESKTOP-6333E44[00m:[01;34m~/DefAppAcademy/capstone[00m$ git add .
]0;wesleyblackburn90@DESKTOP-6333E44: ~/DefAppAcademy/capstone[01;32mwesleyblackburn90@DESKTOP-6333E44[00m:[01;34m~/DefAppAcademy/capstone[00m$ git cimmi[K[K[K[Kom[K[K[K[K[K[K[Kgit add .status[2Ppullmerge main[6Ppullstatus[2Ppushcommit -m "Added hyperlink to users profile"add .[Kcommit -m "Added hyperlink to users profile"
[main 168be71] Added hyperlink to users profile
 1 file changed, 41 insertions(+), 1 deletion(-)
]0;wesleyblackburn90@DESKTOP-6333E44: ~/DefAppAcademy/capstone[01;32mwesleyblackburn90@DESKTOP-6333E44[00m:[01;34m~/DefAppAcademy/capstone[00m$ git push
Username for 'https://github.com': wel sleyblackburn90
Password for 'https://wesleyblackburn90@github.com': 
Enumerating objects: 25, done.
Counting objects:   5% (1/20)Counting objects:  10% (2/20)Counting objects:  15% (3/20)Counting objects:  20% (4/20)Counting objects:  25% (5/20)Counting objects:  30% (6/20)Counting objects:  35% (7/20)Counting objects:  40% (8/20)Counting objects:  45% (9/20)Counting objects:  50% (10/20)Counting objects:  55% (11/20)Counting objects:  60% (12/20)Counting objects:  65% (13/20)Counting objects:  70% (14/20)Counting objects:  75% (15/20)Counting objects:  80% (16/20)Counting objects:  85% (17/20)Counting objects:  90% (18/20)Counting objects:  95% (19/20)Counting objects: 100% (20/20)Counting objects: 100% (20/20), done.
Delta compression using up to 8 threads
Compressing objects:   7% (1/13)Compressing objects:  15% (2/13)Compressing objects:  23% (3/13)Compressing objects:  30% (4/13)Compressing objects:  38% (5/13)Compressing objects:  46% (6/13)Compressing objects:  53% (7/13)Compressing objects:  61% (8/13)Compressing objects:  69% (9/13)Compressing objects:  76% (10/13)Compressing objects:  84% (11/13)Compressing objects:  92% (12/13)Compressing objects: 100% (13/13)Compressing objects: 100% (13/13), done.
Writing objects:   7% (1/13)Writing objects:  15% (2/13)Writing objects:  23% (3/13)Writing objects:  30% (4/13)Writing objects:  38% (5/13)Writing objects:  46% (6/13)Writing objects:  53% (7/13)Writing objects:  61% (8/13)Writing objects:  69% (9/13)Writing objects:  76% (10/13)Writing objects:  84% (11/13)Writing objects:  92% (12/13)Writing objects: 100% (13/13)Writing objects: 100% (13/13), 3.20 KiB | 1.07 MiB/s, done.
Total 13 (delta 9), reused 0 (delta 0)
remote: Resolving deltas:   0% (0/9)[Kremote: Resolving deltas:  11% (1/9)[Kremote: Resolving deltas:  22% (2/9)[Kremote: Resolving deltas:  33% (3/9)[Kremote: Resolving deltas:  44% (4/9)[Kremote: Resolving deltas:  55% (5/9)[Kremote: Resolving deltas:  66% (6/9)[Kremote: Resolving deltas:  77% (7/9)[Kremote: Resolving deltas:  88% (8/9)[Kremote: Resolving deltas: 100% (9/9)[Kremote: Resolving deltas: 100% (9/9), completed with 6 local objects.[K
To https://github.com/wesleyblackburn90/newplayer.git
   39f998a..168be71  main -> main
]0;wesleyblackburn90@DESKTOP-6333E44: ~/DefAppAcademy/capstone[01;32mwesleyblackburn90@DESKTOP-6333E44[00m:[01;34m~/DefAppAcademy/capstone[00m$ exit

Script done on 2023-06-04 16:08:22-04:00 [COMMAND_EXIT_CODE="0"]
